TAP version 13
# Subtest: hidden Pieces excluded consistently from cold and warm snapshots
ok 1 - hidden Pieces excluded consistently from cold and warm snapshots
  ---
  duration_ms: 3963.523197
  type: 'test'
  ...
# Subtest: expired cold preparation budget fails closed and releases query
ok 2 - expired cold preparation budget fails closed and releases query
  ---
  duration_ms: 2.35221
  type: 'test'
  ...
# Subtest: expired warm scoring budget fails closed and releases query
ok 3 - expired warm scoring budget fails closed and releases query
  ---
  duration_ms: 2.643377
  type: 'test'
  ...
1..3
# tests 3
# suites 0
# pass 3
# fail 0
# cancelled 0
# skipped 0
# todo 0
# duration_ms 4316.867173
