cold 0
cold 2
cold 3
cold 1
cold 100
cold 102
cold 103
cold 101
cold 200
cold 202
cold 203
cold 201
cold 300
cold 303
cold 302
cold 301
cold 403
cold 402
cold 401
cold 400
cold 503
cold 502
cold 500
cold 501
warm 0
warm 100
warm 200
warm 300
warm 400
warm 500
repeat 0
repeat 100
repeat 200
repeat 300
repeat 400
repeat 500
plain 0
plain 100
plain 200
plain 300
plain 400
plain 500
{"counts":{"pieces":48,"referenceImages":144,"queries":516,"positive":384,"ambiguous":32,"noMatch":100,"privacyOnlyPieces":48,"privacyOnlyReferences":144},"top1":0.4947916666666667,"top3":0.7838541666666666,"coldAbsent":0,"latency":{"n":516,"min":17.512445000000298,"p05":20.687236000027042,"p50":27.035223999992013,"p95":43.979686000035144,"max":80.72714400000405,"mean":29.458365986435926}}
